// Jest Snapshot v1, https://goo.gl/fbAQLP

exports[`AuthService changePassword throws an error when the token is malformed: token is malformed 1`] = `"An error occurred when validating reset token: jwt malformed"`;

exports[`AuthService checkIfAttemptsInLast24h throws an error when more than two timestamps fall within a 24-hour period: too many in 24 h 1`] = `"Too many attempts in 24 hour period."`;
