// Jest Snapshot v1, https://goo.gl/fbAQLP

exports[`CartsService removeFromCart throws an error if the database delete operation fails without returning a deleted object: Prisma delete error, not found 1`] = `
"
Invalid \`prisma.cartItems.delete()\` invocation:


An operation failed because it depends on one or more records that were required but not found. Record to delete does not exist."
`;
