// Jest Snapshot v1, https://goo.gl/fbAQLP

exports[`LikesService get likes should pass a query to prisma: prisma query get likes 1`] = `
[
  [
    {
      "select": {
        "likes_product_variation": true,
      },
      "where": {
        "user_id": "8b3ae683-0626-44be-b591-9271e288388f",
      },
    },
  ],
]
`;

exports[`LikesService toggle likes throws if variation to like is invalid: prod var not found 1`] = `"Product Variation not found!"`;
